// Jest Snapshot v1, https://goo.gl/fbAQLP

exports[`Table.vue match the snapshot 1`] = ``;
