// Jest Snapshot v1, https://goo.gl/fbAQLP

exports[`Analysis.vue match the snapshot 1`] = ``;
