// Jest Snapshot v1, https://goo.gl/fbAQLP

exports[`Header.vue match the snapshot 1`] = `<header></header>`;
