// Jest Snapshot v1, https://goo.gl/fbAQLP

exports[`Pack.vue match the snapshot 1`] = `
<main>
  <!---->
  <!---->
</main>
`;
