// Jest Snapshot v1, https://goo.gl/fbAQLP

exports[`Route.vue match the snapshot 1`] = `
<div id="cards-playbook">
  <!---->
  <header></header>
  <!---->
</div>
`;
